// Jest Snapshot v1, https://goo.gl/fbAQLP

exports[`FaqComponent should create 1`] = `
<app-faq
  faqService$={[Function Observable]}
>
  <!--container-->
</app-faq>
`;
